Compiling 1 files with 1.1.0
Ylem 1.1.0 
Compiler run successful

No tests found in project! Spark looks for functions that starts with `test`.
